{
  "event_type": "hello",
  "client_payload": {
    "type": "importpr",
    "payload": {
      "pr": 123
    }
  }
}