{
  "event_type": "hello",
  "client_payload": {
    "type": "mirror",
    "payload": null
  }
}