{
  "event_type": "trybot run for ref",
  "client_payload": {
    "type": "trybot",
    "payload": {
      "changeID": "change",
      "ref": "ref",
      "commit": "commit",
      "branch": "branch"
    }
  }
}