{
  "event_type": "hello",
  "client_payload": {
    "type": "unity",
    "payload": {
      "cl": null,
      "versions": "\"v0.3.0-beta.5\""
    }
  }
}