{
  "event_type": "unity run for ref",
  "client_payload": {
    "type": "unity",
    "payload": {
      "cl": {
        "changeID": "change",
        "ref": "ref",
        "commit": "commit",
        "branch": "branch"
      },
      "versions": "\"ref\""
    }
  }
}